C51 COMPILER V9.53.0.0   C51_EEPROM                                                        06/13/2015 21:49:31 PAGE 1   


C51 COMPILER V9.53.0.0, COMPILATION OF MODULE C51_EEPROM
OBJECT MODULE PLACED IN .\C51_EEPROM.obj
COMPILER INVOKED BY: d:\Keil_v5\C51\BIN\C51.EXE ..\lib\src\C51_EEPROM.C LARGE WARNINGLEVEL(1) OPTIMIZE(8,SPEED) BROWSE I
                    -NCDIR(..\lib\inc;..\user;..\lib\inc\mcu;..\lib\inc\sys) DEBUG OBJECTEXTEND PRINT(.\C51_EEPROM.lst) TABS(2) OBJECT(.\C51_
                    -EEPROM.obj)

line level    source

   1          /******************************************************************
   2          *         STC-51库/STC-51 library file
   3          *
   4          *文件名/file    : c51_eeprom.c
   5          *
   6          *功能/function  : C51库eeprom操作
   7          *
   8          *协议/licence   : GPL开源/open GPL
   9          *
  10          *作者/author    : J.H.Chen
  11          *
  12          *时间/time      : 2015-06-12
  13          *
  14          *说明/other     : 
  15          ******************************************************************/
  16          #include "C51_Lib.h"
  17          #include <intrins.h>
  18          
  19          #ifdef LIB_EEPROM_USE
              /******************************************************
               * FunctionName : DisableEEPROM
               * Description  : 禁止访问EEPROM
               * Parameters   : none
               * Returns      : none
              ******************************************************/
              void  EEPROM_Disable(void)
              {
                IAP_CONTR = 0;      //禁止IAP/IAP操作
                IAP_CMD   = 0;      //去除IAP/IAP命令
                IAP_TRIG  = 0;      //防止IAP/IAP命令误触发
                IAP_ADDRH = 0xff;   //清0地址高字节
                IAP_ADDRL = 0xff;   //清0地址低字节，指向非EEPROM区，防止误操作
              }
              
              
              /******************************************************
               * FunctionName : EEPROM_read
               * Description  : EEPROM读区操作
               * Parameters   : addr--要读取地址  buf--存储缓冲区
                                num--读取字节数
               * Returns      : none
              ******************************************************/
              void EEPROM_read(uint16 addr, uint8 *buf, uint16 num)
              {
                EA = 0; 
                IAP_CONTR = ENABLE_IAP;  //允许EEP操作
                IAP_CMD = EEPROM_READ;   //可读
                do
                {
                  IAP_ADDRH = addr / 256;   //送地址高字节（地址需要改变时才需重新送地址）
                  IAP_ADDRL = addr % 256;   //送地址低字节
                  IAP_TRIG = 0X5A;
                  IAP_TRIG = 0XA5;            
C51 COMPILER V9.53.0.0   C51_EEPROM                                                        06/13/2015 21:49:31 PAGE 2   

                  _nop_();
                  _nop_();
                  _nop_();
                  _nop_();
                  *buf = IAP_DATA;
                  addr++;
                  buf++;
                }while(--num);
              
                EEPROM_Disable();
                EA = 1; 
              }
              
              
              /******************************************************
               * FunctionName : EEPROM_read
               * Description  : EEPROM读区操作
               * Parameters   : addr--要写入的地址  buf--存储缓冲区
                                num--写入字节数
               * Returns      : none
              ******************************************************/
              void EEPROM_write(uint16 addr,uint8 *buf,uint16 num)
              {
                EA = 0; 
              
                IAP_CONTR = ENABLE_IAP;  //允许EEP操作
                IAP_CMD = EEPROM_WRITE;  //可写
                do
                {
                  IAP_ADDRH = addr / 256;   //送地址高字节
                  IAP_ADDRL = addr % 256;   //送地址低字节
                  IAP_DATA  = *buf;     //送数据到IAP_DATA
                  IAP_TRIG = 0X5A;
                  IAP_TRIG = 0XA5;
                  _nop_();
                  _nop_();
                  _nop_();
                  _nop_();
                  addr++;
                  buf++;
                }while(--num);
              
                EEPROM_Disable();
                EA = 1;   
              }
              
              
              
              /******************************************************
               * FunctionName : EEPROM_SectorErase
               * Description  : EEPROM扇区擦除
               * Parameters   : addr--要擦除的地址
               * Returns      : none
              ******************************************************/
              void EEPROM_SectorErase(uint16 addr)
              {
                EA = 0; 
                
                IAP_CONTR = ENABLE_IAP;  //允许EEP操作
                IAP_CMD = EEPROM_ERASE;  //可读
                IAP_ADDRL = addr;
                IAP_ADDRH = addr>>8;
C51 COMPILER V9.53.0.0   C51_EEPROM                                                        06/13/2015 21:49:31 PAGE 3   

                IAP_TRIG = 0X5A;
                IAP_TRIG = 0XA5;
                _nop_();
                _nop_();
                _nop_();
                _nop_();
                EEPROM_Disable();
                EA = 1; 
              }
              #endif


MODULE INFORMATION:   STATIC OVERLAYABLE
   CODE SIZE        =   ----    ----
   CONSTANT SIZE    =   ----    ----
   XDATA SIZE       =   ----    ----
   PDATA SIZE       =   ----    ----
   DATA SIZE        =   ----    ----
   IDATA SIZE       =   ----    ----
   BIT SIZE         =   ----    ----
END OF MODULE INFORMATION.


C51 COMPILATION COMPLETE.  0 WARNING(S),  0 ERROR(S)
