C51 COMPILER V9.53.0.0   USER_MAIN                                                         06/13/2015 21:54:48 PAGE 1   


C51 COMPILER V9.53.0.0, COMPILATION OF MODULE USER_MAIN
OBJECT MODULE PLACED IN .\user_main.obj
COMPILER INVOKED BY: d:\Keil_v5\C51\BIN\C51.EXE ..\user\user_main.c LARGE WARNINGLEVEL(1) OPTIMIZE(8,SPEED) BROWSE INCDI
                    -R(..\lib\inc;..\user;..\lib\inc\mcu;..\lib\inc\sys) DEBUG OBJECTEXTEND PRINT(.\user_main.lst) TABS(2) OBJECT(.\user_main
                    -.obj)

line level    source

   1          /******************************************************************
   2          *         STC-51库/STC-51 library file
   3          *
   4          *文件名/file    : user_main.c
   5          *
   6          *功能/function  : C51库用户文件/user file
   7          *
   8          *协议/licence   : GPL开源/open GPL
   9          *
  10          *作者/author    : J.H.Chen
  11          *
  12          *时间/time      : 2015-05-28
  13          *
  14          *说明/other     : 此文件编写用户程序逻辑
  15                            user application in this file
  16          ******************************************************************/
  17          #include "C51_Lib.h"
  18          
  19          timer0_t timer_led,timer_led1;
  20          
  21          /******************************************************
  22           * FunctionName : user_init
  23           * Description  : 初始化函数,用于系统初始化
  24           * Parameters   : none
  25           * Returns      : none
  26          ******************************************************/
  27          void user_init()
  28          {
  29   1        GPIO_InitTypeDef iGPIO;
  30   1        iGPIO.GPIO_Pin = GPIO_Pin_7;
  31   1        iGPIO.GPIO_Mode = GPIO_Mode_Out_PP;
  32   1        GPIO_Init(GPIO_P3,&iGPIO);
  33   1      }
  34          
  35          
  36          //翻转led端口
  37          void led_fn(uint8 arg)
  38          {
  39   1        GPIO_Write_Pin(P1,GPIO_Pin_2,!GPIO_Read_Pin(P1,GPIO_Pin_2));
  40   1      }
  41          
  42          //300ms翻转LED端口
  43          void led_fn_1(uint8 arg)
  44          {
  45   1        GPIO_Write_Pin(P1,GPIO_Pin_2,arg);
  46   1        
  47   1        timer_disarm(&timer_led1);
  48   1        timer_setfn(&timer_led1,(sysTimer0Func)led_fn_1,arg==1?0:1);
  49   1        timer_arm(&timer_led1,300,Timer_Status_repeat);  //定时300ms,重复
  50   1      }
  51          
  52          /******************************************************
  53           * FunctionName : user_application
C51 COMPILER V9.53.0.0   USER_MAIN                                                         06/13/2015 21:54:48 PAGE 2   

  54           * Description  : 用户APP程序段
  55           * Parameters   : none
  56           * Returns      : none
  57          ******************************************************/
  58          void user_application()
  59          {
  60   1        
  61   1        GPIO_Write_Pin(P1,GPIO_Pin_2,0);
  62   1        GPIO_Write_Pin(P1,GPIO_Pin_3,0);
  63   1        
  64   1        timer_disarm(&timer_led);
  65   1        timer_setfn(&timer_led,(sysTimer0Func)led_fn,1);
  66   1        timer_arm(&timer_led,2000,Timer_Status_once);  //定时2000ms,不重复
  67   1        
  68   1        timer_disarm(&timer_led1);
  69   1        timer_setfn(&timer_led1,(sysTimer0Func)led_fn_1,1);
  70   1        timer_arm(&timer_led1,300,Timer_Status_repeat);  //定时300ms,重复
  71   1        
  72   1        while(true)
  73   1        {
  74   2          GPIO_Write_Pin(P3,GPIO_Pin_7,1);
  75   2          delay_ms(100);
  76   2          GPIO_Write_Pin(P3,GPIO_Pin_7,0);
  77   2          delay_ms(100);
  78   2        }
  79   1      }


MODULE INFORMATION:   STATIC OVERLAYABLE
   CODE SIZE        =    264    ----
   CONSTANT SIZE    =   ----    ----
   XDATA SIZE       =     30       4
   PDATA SIZE       =   ----    ----
   DATA SIZE        =   ----    ----
   IDATA SIZE       =   ----    ----
   BIT SIZE         =   ----    ----
END OF MODULE INFORMATION.


C51 COMPILATION COMPLETE.  0 WARNING(S),  0 ERROR(S)
