C51 COMPILER V9.53.0.0   C51_ADC                                                           06/13/2015 20:14:19 PAGE 1   


C51 COMPILER V9.53.0.0, COMPILATION OF MODULE C51_ADC
OBJECT MODULE PLACED IN .\C51_ADC.obj
COMPILER INVOKED BY: d:\Keil_v5\C51\BIN\C51.EXE ..\lib\src\C51_ADC.C LARGE WARNINGLEVEL(1) OPTIMIZE(8,SPEED) BROWSE INCD
                    -IR(..\lib\inc;..\user;..\lib\inc\mcu;..\lib\inc\sys) DEBUG OBJECTEXTEND PRINT(.\C51_ADC.lst) TABS(2) OBJECT(.\C51_ADC.ob
                    -j)

line level    source

   1          /******************************************************************
   2          *         STC-51库/STC-51 library file
   3          *
   4          *文件名/file    : C51_ADC.C
   5          *
   6          *功能/function  : C51库ADC文件/adc file
   7          *
   8          *协议/licence   : GPL开源/open GPL
   9          *
  10          *作者/author    : J.H.Chen
  11          *
  12          *时间/time      : 2015-05-28
  13          *
  14          *说明/other     : 用于ADC采样
  15          ******************************************************************/
  16          #include "C51_Lib.h"
  17          
  18          #ifdef PROJECT_USE_AD
              /******************************************************
               * FunctionName : GetADC_Result
               * Description  : 获取ADC的值
               * Parameters   : Channel--通道  ADC_Speed--采样速度
               * Returns      : ADC转换结果
              ******************************************************/
              uint16 GetADC_Result(uint8 Channel, uint8 ADC_Speed)
              {
                uint8 m1,m0,ASF,a;
                m1 = P1M1;
                m0 = P1M0;
                ASF = P1ASF;
              
                if(Channel >= ADC_CHANNEL_0 && Channel <= ADC_CHANNEL_7)
                {
                  P1M1 |= (0x01 << Channel);
                  P1M0 &= ~(0x01 << Channel);
                  P1ASF |= (0x01 << Channel); 
                  ADC_CONTR = ADC_POWER | (ADC_Speed<<5) | Channel;
                  ADC_CONTR |= ADC_START;
                  for(a = 100; a > 0; a--);
                  while(!(ADC_CONTR & ADC_FLAG));
                  ADC_CONTR &= ~ADC_FLAG; 
                  ADC_CONTR &= ~ADC_POWER;
              
                  P1M1 = m1;
                  P1M0 = m0;
                  P1ASF = ASF;
              
                  return ((uint16)ADC_RES << 2 | ADC_RESL);
                }
                
                return 0; 
              }
              
C51 COMPILER V9.53.0.0   C51_ADC                                                           06/13/2015 20:14:19 PAGE 2   

              #endif


MODULE INFORMATION:   STATIC OVERLAYABLE
   CODE SIZE        =   ----    ----
   CONSTANT SIZE    =   ----    ----
   XDATA SIZE       =   ----    ----
   PDATA SIZE       =   ----    ----
   DATA SIZE        =   ----    ----
   IDATA SIZE       =   ----    ----
   BIT SIZE         =   ----    ----
END OF MODULE INFORMATION.


C51 COMPILATION COMPLETE.  0 WARNING(S),  0 ERROR(S)
